16:34:02 **** Incremental Build of configuration Debug for project Stratos ****
Info: Internal Builder is used for build
arm-atollic-eabi-g++ -c ..\Application\FlightControl\AircraftRecord.cpp -mthumb -mcpu=cortex-m7 -mfloat-abi=hard -mfpu=fpv5-sp-d16 -std=gnu++11 -D__weak=__attribute__((weak)) -DOS_SUPPORT -D__packed=__attribute__((__packed__)) -DUSE_HAL_DRIVER -DSTM32F767xx -IG:\Stratos\Stratos\Inc -IG:\Stratos\Stratos\Application\FlightControlControler -IG:\Stratos\Stratos\Application\FlightControl -IG:\Stratos\Stratos\Application\FlightControlView -IG:\Stratos\Stratos\Middlewares\STemWin\Config -IG:\Stratos\Stratos\Middlewares\STemWin\inc -IG:\Stratos\Stratos\Components\ADS_BDecoder -IG:\Stratos\Stratos\BoardSupport\InterruptMenager -IG:\Stratos\Stratos\Utilities -IG:\Stratos\Stratos\Components\ADS_BDecoder -IG:\Stratos\Stratos\Components\RTLSDR -IG:\Stratos\Stratos\BoardSupport\BoardMenager -IG:\Stratos\Stratos\BoardSupport\Drivers\FMCDriver -IG:\Stratos\Stratos\BoardSupport\Drivers\GPIODriver -IG:\Stratos\Stratos\BoardSupport\Drivers\LTDCDriver -IG:\Stratos\Stratos\BoardSupport\Drivers\RCCDriver -IG:\Stratos\Stratos\BoardSupport\Drivers\USBDriver -IG:\Stratos\Stratos\BoardSupport\Drivers\USBDriver\librtlsdr\convenience -IG:\Stratos\Stratos\BoardSupport\Drivers\USBDriver\librtlsdr -IG:\Stratos\Stratos\BoardSupport\Drivers\USBDriver\usblib_port -IG:\Stratos\Stratos\BoardSupport\Drivers\USBDriver\STM32_USB_Host_Library\Core\Inc -IG:\Stratos\Stratos\BoardSupport\Drivers\USBDriver\STM32_USB_Host_Library\Class\CDC\Inc -IG:\Stratos\Stratos\Middlewares\Third_Party\FreeRTOS\Source\portable\GCC\ARM_CM7\r0p1 -IG:\Stratos\Stratos\Middlewares\Third_Party\FreeRTOS\Source\CMSIS_RTOS -IG:\Stratos\Stratos\Middlewares\Third_Party\FreeRTOS\Source\include -IG:\Stratos\Stratos\Drivers\CMSIS\Device\ST\STM32F7xx\Include -IG:\Stratos\Stratos\Drivers\CMSIS\Include -IG:\Stratos\Stratos\Drivers\STM32F7xx_HAL_Driver\Inc -IG:\Stratos\Stratos\Drivers\STM32F7xx_HAL_Driver\Inc\Legacy -O3 -ffunction-sections -fdata-sections -fno-rtti -fno-exceptions -g -fstack-usage -Wall -fno-threadsafe-statics -o Application\FlightControl\AircraftRecord.o 
arm-atollic-eabi-g++ -c ..\Application\FlightControlView\FlightCotrolView.cpp -mthumb -mcpu=cortex-m7 -mfloat-abi=hard -mfpu=fpv5-sp-d16 -std=gnu++11 -D__weak=__attribute__((weak)) -DOS_SUPPORT -D__packed=__attribute__((__packed__)) -DUSE_HAL_DRIVER -DSTM32F767xx -IG:\Stratos\Stratos\Inc -IG:\Stratos\Stratos\Application\FlightControlControler -IG:\Stratos\Stratos\Application\FlightControl -IG:\Stratos\Stratos\Application\FlightControlView -IG:\Stratos\Stratos\Middlewares\STemWin\Config -IG:\Stratos\Stratos\Middlewares\STemWin\inc -IG:\Stratos\Stratos\Components\ADS_BDecoder -IG:\Stratos\Stratos\BoardSupport\InterruptMenager -IG:\Stratos\Stratos\Utilities -IG:\Stratos\Stratos\Components\ADS_BDecoder -IG:\Stratos\Stratos\Components\RTLSDR -IG:\Stratos\Stratos\BoardSupport\BoardMenager -IG:\Stratos\Stratos\BoardSupport\Drivers\FMCDriver -IG:\Stratos\Stratos\BoardSupport\Drivers\GPIODriver -IG:\Stratos\Stratos\BoardSupport\Drivers\LTDCDriver -IG:\Stratos\Stratos\BoardSupport\Drivers\RCCDriver -IG:\Stratos\Stratos\BoardSupport\Drivers\USBDriver -IG:\Stratos\Stratos\BoardSupport\Drivers\USBDriver\librtlsdr\convenience -IG:\Stratos\Stratos\BoardSupport\Drivers\USBDriver\librtlsdr -IG:\Stratos\Stratos\BoardSupport\Drivers\USBDriver\usblib_port -IG:\Stratos\Stratos\BoardSupport\Drivers\USBDriver\STM32_USB_Host_Library\Core\Inc -IG:\Stratos\Stratos\BoardSupport\Drivers\USBDriver\STM32_USB_Host_Library\Class\CDC\Inc -IG:\Stratos\Stratos\Middlewares\Third_Party\FreeRTOS\Source\portable\GCC\ARM_CM7\r0p1 -IG:\Stratos\Stratos\Middlewares\Third_Party\FreeRTOS\Source\CMSIS_RTOS -IG:\Stratos\Stratos\Middlewares\Third_Party\FreeRTOS\Source\include -IG:\Stratos\Stratos\Drivers\CMSIS\Device\ST\STM32F7xx\Include -IG:\Stratos\Stratos\Drivers\CMSIS\Include -IG:\Stratos\Stratos\Drivers\STM32F7xx_HAL_Driver\Inc -IG:\Stratos\Stratos\Drivers\STM32F7xx_HAL_Driver\Inc\Legacy -O3 -ffunction-sections -fdata-sections -fno-rtti -fno-exceptions -g -fstack-usage -Wall -fno-threadsafe-statics -o Application\FlightControlView\FlightCotrolView.o 
..\Application\FlightControlView\FlightCotrolView.cpp: In function 'void DialogCallback(WM_MESSAGE*)':
..\Application\FlightControlView\FlightCotrolView.cpp:285:16: warning: unused variable 'pData' [-Wunused-variable]
   const void * pData;
                ^~~~~
..\Application\FlightControlView\FlightCotrolView.cpp:287:16: warning: unused variable 'FileSize' [-Wunused-variable]
   U32          FileSize;
                ^~~~~~~~
..\Application\FlightControlView\FlightCotrolView.cpp: At global scope:
..\Application\FlightControlView\FlightCotrolView.cpp:264:21: warning: 'const void* _GetImageById(long unsigned int, long unsigned int*)' defined but not used [-Wunused-function]
 static const void * _GetImageById(U32 Id, U32 * pSize) {
                     ^~~~~~~~~~~~~
arm-atollic-eabi-g++ -c ..\Src\main.cpp -mthumb -mcpu=cortex-m7 -mfloat-abi=hard -mfpu=fpv5-sp-d16 -std=gnu++11 -D__weak=__attribute__((weak)) -DOS_SUPPORT -D__packed=__attribute__((__packed__)) -DUSE_HAL_DRIVER -DSTM32F767xx -IG:\Stratos\Stratos\Inc -IG:\Stratos\Stratos\Application\FlightControlControler -IG:\Stratos\Stratos\Application\FlightControl -IG:\Stratos\Stratos\Application\FlightControlView -IG:\Stratos\Stratos\Middlewares\STemWin\Config -IG:\Stratos\Stratos\Middlewares\STemWin\inc -IG:\Stratos\Stratos\Components\ADS_BDecoder -IG:\Stratos\Stratos\BoardSupport\InterruptMenager -IG:\Stratos\Stratos\Utilities -IG:\Stratos\Stratos\Components\ADS_BDecoder -IG:\Stratos\Stratos\Components\RTLSDR -IG:\Stratos\Stratos\BoardSupport\BoardMenager -IG:\Stratos\Stratos\BoardSupport\Drivers\FMCDriver -IG:\Stratos\Stratos\BoardSupport\Drivers\GPIODriver -IG:\Stratos\Stratos\BoardSupport\Drivers\LTDCDriver -IG:\Stratos\Stratos\BoardSupport\Drivers\RCCDriver -IG:\Stratos\Stratos\BoardSupport\Drivers\USBDriver -IG:\Stratos\Stratos\BoardSupport\Drivers\USBDriver\librtlsdr\convenience -IG:\Stratos\Stratos\BoardSupport\Drivers\USBDriver\librtlsdr -IG:\Stratos\Stratos\BoardSupport\Drivers\USBDriver\usblib_port -IG:\Stratos\Stratos\BoardSupport\Drivers\USBDriver\STM32_USB_Host_Library\Core\Inc -IG:\Stratos\Stratos\BoardSupport\Drivers\USBDriver\STM32_USB_Host_Library\Class\CDC\Inc -IG:\Stratos\Stratos\Middlewares\Third_Party\FreeRTOS\Source\portable\GCC\ARM_CM7\r0p1 -IG:\Stratos\Stratos\Middlewares\Third_Party\FreeRTOS\Source\CMSIS_RTOS -IG:\Stratos\Stratos\Middlewares\Third_Party\FreeRTOS\Source\include -IG:\Stratos\Stratos\Drivers\CMSIS\Device\ST\STM32F7xx\Include -IG:\Stratos\Stratos\Drivers\CMSIS\Include -IG:\Stratos\Stratos\Drivers\STM32F7xx_HAL_Driver\Inc -IG:\Stratos\Stratos\Drivers\STM32F7xx_HAL_Driver\Inc\Legacy -O3 -ffunction-sections -fdata-sections -fno-rtti -fno-exceptions -g -fstack-usage -Wall -fno-threadsafe-statics -o Src\main.o 
arm-atollic-eabi-g++ -c ..\Application\FlightControlControler\FlightControlControler.cpp -mthumb -mcpu=cortex-m7 -mfloat-abi=hard -mfpu=fpv5-sp-d16 -std=gnu++11 -D__weak=__attribute__((weak)) -DOS_SUPPORT -D__packed=__attribute__((__packed__)) -DUSE_HAL_DRIVER -DSTM32F767xx -IG:\Stratos\Stratos\Inc -IG:\Stratos\Stratos\Application\FlightControlControler -IG:\Stratos\Stratos\Application\FlightControl -IG:\Stratos\Stratos\Application\FlightControlView -IG:\Stratos\Stratos\Middlewares\STemWin\Config -IG:\Stratos\Stratos\Middlewares\STemWin\inc -IG:\Stratos\Stratos\Components\ADS_BDecoder -IG:\Stratos\Stratos\BoardSupport\InterruptMenager -IG:\Stratos\Stratos\Utilities -IG:\Stratos\Stratos\Components\ADS_BDecoder -IG:\Stratos\Stratos\Components\RTLSDR -IG:\Stratos\Stratos\BoardSupport\BoardMenager -IG:\Stratos\Stratos\BoardSupport\Drivers\FMCDriver -IG:\Stratos\Stratos\BoardSupport\Drivers\GPIODriver -IG:\Stratos\Stratos\BoardSupport\Drivers\LTDCDriver -IG:\Stratos\Stratos\BoardSupport\Drivers\RCCDriver -IG:\Stratos\Stratos\BoardSupport\Drivers\USBDriver -IG:\Stratos\Stratos\BoardSupport\Drivers\USBDriver\librtlsdr\convenience -IG:\Stratos\Stratos\BoardSupport\Drivers\USBDriver\librtlsdr -IG:\Stratos\Stratos\BoardSupport\Drivers\USBDriver\usblib_port -IG:\Stratos\Stratos\BoardSupport\Drivers\USBDriver\STM32_USB_Host_Library\Core\Inc -IG:\Stratos\Stratos\BoardSupport\Drivers\USBDriver\STM32_USB_Host_Library\Class\CDC\Inc -IG:\Stratos\Stratos\Middlewares\Third_Party\FreeRTOS\Source\portable\GCC\ARM_CM7\r0p1 -IG:\Stratos\Stratos\Middlewares\Third_Party\FreeRTOS\Source\CMSIS_RTOS -IG:\Stratos\Stratos\Middlewares\Third_Party\FreeRTOS\Source\include -IG:\Stratos\Stratos\Drivers\CMSIS\Device\ST\STM32F7xx\Include -IG:\Stratos\Stratos\Drivers\CMSIS\Include -IG:\Stratos\Stratos\Drivers\STM32F7xx_HAL_Driver\Inc -IG:\Stratos\Stratos\Drivers\STM32F7xx_HAL_Driver\Inc\Legacy -O3 -ffunction-sections -fdata-sections -fno-rtti -fno-exceptions -g -fstack-usage -Wall -fno-threadsafe-statics -o Application\FlightControlControler\FlightControlControler.o 
arm-atollic-eabi-g++ -c ..\Application\FlightControl\FlightControl.cpp -mthumb -mcpu=cortex-m7 -mfloat-abi=hard -mfpu=fpv5-sp-d16 -std=gnu++11 -D__weak=__attribute__((weak)) -DOS_SUPPORT -D__packed=__attribute__((__packed__)) -DUSE_HAL_DRIVER -DSTM32F767xx -IG:\Stratos\Stratos\Inc -IG:\Stratos\Stratos\Application\FlightControlControler -IG:\Stratos\Stratos\Application\FlightControl -IG:\Stratos\Stratos\Application\FlightControlView -IG:\Stratos\Stratos\Middlewares\STemWin\Config -IG:\Stratos\Stratos\Middlewares\STemWin\inc -IG:\Stratos\Stratos\Components\ADS_BDecoder -IG:\Stratos\Stratos\BoardSupport\InterruptMenager -IG:\Stratos\Stratos\Utilities -IG:\Stratos\Stratos\Components\ADS_BDecoder -IG:\Stratos\Stratos\Components\RTLSDR -IG:\Stratos\Stratos\BoardSupport\BoardMenager -IG:\Stratos\Stratos\BoardSupport\Drivers\FMCDriver -IG:\Stratos\Stratos\BoardSupport\Drivers\GPIODriver -IG:\Stratos\Stratos\BoardSupport\Drivers\LTDCDriver -IG:\Stratos\Stratos\BoardSupport\Drivers\RCCDriver -IG:\Stratos\Stratos\BoardSupport\Drivers\USBDriver -IG:\Stratos\Stratos\BoardSupport\Drivers\USBDriver\librtlsdr\convenience -IG:\Stratos\Stratos\BoardSupport\Drivers\USBDriver\librtlsdr -IG:\Stratos\Stratos\BoardSupport\Drivers\USBDriver\usblib_port -IG:\Stratos\Stratos\BoardSupport\Drivers\USBDriver\STM32_USB_Host_Library\Core\Inc -IG:\Stratos\Stratos\BoardSupport\Drivers\USBDriver\STM32_USB_Host_Library\Class\CDC\Inc -IG:\Stratos\Stratos\Middlewares\Third_Party\FreeRTOS\Source\portable\GCC\ARM_CM7\r0p1 -IG:\Stratos\Stratos\Middlewares\Third_Party\FreeRTOS\Source\CMSIS_RTOS -IG:\Stratos\Stratos\Middlewares\Third_Party\FreeRTOS\Source\include -IG:\Stratos\Stratos\Drivers\CMSIS\Device\ST\STM32F7xx\Include -IG:\Stratos\Stratos\Drivers\CMSIS\Include -IG:\Stratos\Stratos\Drivers\STM32F7xx_HAL_Driver\Inc -IG:\Stratos\Stratos\Drivers\STM32F7xx_HAL_Driver\Inc\Legacy -O3 -ffunction-sections -fdata-sections -fno-rtti -fno-exceptions -g -fstack-usage -Wall -fno-threadsafe-statics -o Application\FlightControl\FlightControl.o 
arm-atollic-eabi-g++ -c ..\Components\ADS_BDecoder\ADSBDecoder.cpp -mthumb -mcpu=cortex-m7 -mfloat-abi=hard -mfpu=fpv5-sp-d16 -std=gnu++11 -D__weak=__attribute__((weak)) -DOS_SUPPORT -D__packed=__attribute__((__packed__)) -DUSE_HAL_DRIVER -DSTM32F767xx -IG:\Stratos\Stratos\Inc -IG:\Stratos\Stratos\Application\FlightControlControler -IG:\Stratos\Stratos\Application\FlightControl -IG:\Stratos\Stratos\Application\FlightControlView -IG:\Stratos\Stratos\Middlewares\STemWin\Config -IG:\Stratos\Stratos\Middlewares\STemWin\inc -IG:\Stratos\Stratos\Components\ADS_BDecoder -IG:\Stratos\Stratos\BoardSupport\InterruptMenager -IG:\Stratos\Stratos\Utilities -IG:\Stratos\Stratos\Components\ADS_BDecoder -IG:\Stratos\Stratos\Components\RTLSDR -IG:\Stratos\Stratos\BoardSupport\BoardMenager -IG:\Stratos\Stratos\BoardSupport\Drivers\FMCDriver -IG:\Stratos\Stratos\BoardSupport\Drivers\GPIODriver -IG:\Stratos\Stratos\BoardSupport\Drivers\LTDCDriver -IG:\Stratos\Stratos\BoardSupport\Drivers\RCCDriver -IG:\Stratos\Stratos\BoardSupport\Drivers\USBDriver -IG:\Stratos\Stratos\BoardSupport\Drivers\USBDriver\librtlsdr\convenience -IG:\Stratos\Stratos\BoardSupport\Drivers\USBDriver\librtlsdr -IG:\Stratos\Stratos\BoardSupport\Drivers\USBDriver\usblib_port -IG:\Stratos\Stratos\BoardSupport\Drivers\USBDriver\STM32_USB_Host_Library\Core\Inc -IG:\Stratos\Stratos\BoardSupport\Drivers\USBDriver\STM32_USB_Host_Library\Class\CDC\Inc -IG:\Stratos\Stratos\Middlewares\Third_Party\FreeRTOS\Source\portable\GCC\ARM_CM7\r0p1 -IG:\Stratos\Stratos\Middlewares\Third_Party\FreeRTOS\Source\CMSIS_RTOS -IG:\Stratos\Stratos\Middlewares\Third_Party\FreeRTOS\Source\include -IG:\Stratos\Stratos\Drivers\CMSIS\Device\ST\STM32F7xx\Include -IG:\Stratos\Stratos\Drivers\CMSIS\Include -IG:\Stratos\Stratos\Drivers\STM32F7xx_HAL_Driver\Inc -IG:\Stratos\Stratos\Drivers\STM32F7xx_HAL_Driver\Inc\Legacy -O3 -ffunction-sections -fdata-sections -fno-rtti -fno-exceptions -g -fstack-usage -Wall -fno-threadsafe-statics -o Components\ADS_BDecoder\ADSBDecoder.o 
arm-atollic-eabi-g++ -o Stratos.elf Application\FlightControl\AircraftRecord.o Application\FlightControl\FlightControl.o Application\FlightControlControler\FlightControlControler.o Application\FlightControlView\FlightCotrolView.o BoardSupport\BoardMenager\BoardMenager.o BoardSupport\Drivers\FMCDriver\FMCDriver.o BoardSupport\Drivers\FMCDriver\fmc.o BoardSupport\Drivers\GPIODriver\GPIODriver.o BoardSupport\Drivers\GPIODriver\gpio.o BoardSupport\Drivers\LTDCDriver\LTDCDriver.o BoardSupport\Drivers\LTDCDriver\ltdc.o BoardSupport\Drivers\RCCDriver\RCCDriver.o BoardSupport\Drivers\RCCDriver\rcc_init.o BoardSupport\Drivers\RCCDriver\stm32f7xx_hal_msp.o BoardSupport\Drivers\USBDriver\STM32_USB_Host_Library\Class\CDC\Src\usbh_cdc.o BoardSupport\Drivers\USBDriver\STM32_USB_Host_Library\Core\Src\usbh_core.o BoardSupport\Drivers\USBDriver\STM32_USB_Host_Library\Core\Src\usbh_ctlreq.o BoardSupport\Drivers\USBDriver\STM32_USB_Host_Library\Core\Src\usbh_ioreq.o BoardSupport\Drivers\USBDriver\STM32_USB_Host_Library\Core\Src\usbh_pipes.o BoardSupport\Drivers\USBDriver\USBDriver.o BoardSupport\Drivers\USBDriver\librtlsdr\convenience\convenience.o BoardSupport\Drivers\USBDriver\librtlsdr\librtlsdr.o BoardSupport\Drivers\USBDriver\librtlsdr\tuner_e4k.o BoardSupport\Drivers\USBDriver\librtlsdr\tuner_fc0012.o BoardSupport\Drivers\USBDriver\librtlsdr\tuner_fc0013.o BoardSupport\Drivers\USBDriver\librtlsdr\tuner_fc2580.o BoardSupport\Drivers\USBDriver\librtlsdr\tuner_r82xx.o BoardSupport\Drivers\USBDriver\usb_host.o BoardSupport\Drivers\USBDriver\usbh_conf.o BoardSupport\Drivers\USBDriver\usblib_port\libusb_port.o BoardSupport\InterruptMenager\InterruptMenager.o BoardSupport\InterruptMenager\stm32f7xx_it.o Components\ADS_BDecoder\ADSBDecoder.o Components\RTLSDR\RTLSDR.o Drivers\STM32F7xx_HAL_Driver\Src\stm32f7xx_hal.o Drivers\STM32F7xx_HAL_Driver\Src\stm32f7xx_hal_cortex.o Drivers\STM32F7xx_HAL_Driver\Src\stm32f7xx_hal_crc.o Drivers\STM32F7xx_HAL_Driver\Src\stm32f7xx_hal_crc_ex.o Drivers\STM32F7xx_HAL_Driver\Src\stm32f7xx_hal_dma.o Drivers\STM32F7xx_HAL_Driver\Src\stm32f7xx_hal_dma2d.o Drivers\STM32F7xx_HAL_Driver\Src\stm32f7xx_hal_dma_ex.o Drivers\STM32F7xx_HAL_Driver\Src\stm32f7xx_hal_dsi.o Drivers\STM32F7xx_HAL_Driver\Src\stm32f7xx_hal_flash.o Drivers\STM32F7xx_HAL_Driver\Src\stm32f7xx_hal_flash_ex.o Drivers\STM32F7xx_HAL_Driver\Src\stm32f7xx_hal_gpio.o Drivers\STM32F7xx_HAL_Driver\Src\stm32f7xx_hal_hcd.o Drivers\STM32F7xx_HAL_Driver\Src\stm32f7xx_hal_i2c.o Drivers\STM32F7xx_HAL_Driver\Src\stm32f7xx_hal_i2c_ex.o Drivers\STM32F7xx_HAL_Driver\Src\stm32f7xx_hal_ltdc.o Drivers\STM32F7xx_HAL_Driver\Src\stm32f7xx_hal_ltdc_ex.o Drivers\STM32F7xx_HAL_Driver\Src\stm32f7xx_hal_pwr.o Drivers\STM32F7xx_HAL_Driver\Src\stm32f7xx_hal_pwr_ex.o Drivers\STM32F7xx_HAL_Driver\Src\stm32f7xx_hal_rcc.o Drivers\STM32F7xx_HAL_Driver\Src\stm32f7xx_hal_rcc_ex.o Drivers\STM32F7xx_HAL_Driver\Src\stm32f7xx_hal_sd.o Drivers\STM32F7xx_HAL_Driver\Src\stm32f7xx_hal_sdram.o Drivers\STM32F7xx_HAL_Driver\Src\stm32f7xx_hal_tim.o Drivers\STM32F7xx_HAL_Driver\Src\stm32f7xx_hal_tim_ex.o Drivers\STM32F7xx_HAL_Driver\Src\stm32f7xx_hal_uart.o Drivers\STM32F7xx_HAL_Driver\Src\stm32f7xx_ll_fmc.o Drivers\STM32F7xx_HAL_Driver\Src\stm32f7xx_ll_sdmmc.o Drivers\STM32F7xx_HAL_Driver\Src\stm32f7xx_ll_usb.o Middlewares\STemWin\Config\GUIConf.o Middlewares\STemWin\Config\LCDConf.o Middlewares\STemWin\OS\GUI_X_OS.o Middlewares\Third_Party\FreeRTOS\Source\CMSIS_RTOS\cmsis_os.o Middlewares\Third_Party\FreeRTOS\Source\croutine.o Middlewares\Third_Party\FreeRTOS\Source\event_groups.o Middlewares\Third_Party\FreeRTOS\Source\list.o Middlewares\Third_Party\FreeRTOS\Source\portable\GCC\ARM_CM7\r0p1\port.o Middlewares\Third_Party\FreeRTOS\Source\portable\MemMang\heap_4.o Middlewares\Third_Party\FreeRTOS\Source\queue.o Middlewares\Third_Party\FreeRTOS\Source\tasks.o Middlewares\Third_Party\FreeRTOS\Source\timers.o Src\crc.o Src\dma2d.o Src\i2c.o Src\main.o Src\sdmmc.o Src\stm32f7xx_hal_timebase_TIM.o Src\system_stm32f7xx.o Src\tim.o Src\usart.o startup\startup_stm32f767xx.o -l:STemWin540_CM7_OS_GCC_ARGB.a -mthumb -mcpu=cortex-m7 -mfloat-abi=hard -mfpu=fpv5-sp-d16 -T..\stm32f7_flash.ld -specs=nosys.specs -static -LG:\Stratos\Stratos\Middlewares\STemWin\Lib -Wl,-cref,-u,Reset_Handler -Wl,-Map=Stratos.map -Wl,--gc-sections -Wl,--defsym=malloc_getpagesize_P=0x1000 -Wl,--start-group -lc -lm -lstdc++ -lsupc++ -Wl,--end-group 
G:\Programs\TrueSTUDIO for ARM 8.0.0\ide\jre\bin\java -jar G:\Programs\TrueSTUDIO for ARM 8.0.0\Tools\arm-atollic-reports.jar sizeinfo list G:\Stratos\Stratos\Debug\Stratos.elf 
Generate build reports...
Print size information
   text	   data	    bss	    dec	    hex	filename
 229520	   2848	 301028	 533396	  82394	G:\Stratos\Stratos\Debug\Stratos.elf
Print size information done
Generate listing file
Output sent to: G:\Stratos\Stratos\Debug\Stratos.list
Generate listing file done
Generate build reports done
Info: Nothing to build for Stratos
