22:57:22 **** Incremental Build of configuration Debug for project Software ****
Info: Internal Builder is used for build
arm-atollic-eabi-gcc -c -mthumb -mcpu=cortex-m4 -mfloat-abi=hard -mfpu=fpv4-sp-d16 -std=gnu11 -D__weak=__attribute__((weak)) -D__packed=__attribute__((__packed__)) -DUSE_HAL_DRIVER -DSTM32F429xx -I../Inc -ID:\Git\Stratos\Software\usb -ID:\Git\Stratos\Software\librtlsdr -I../Drivers/STM32F4xx_HAL_Driver/Inc -I../Drivers/STM32F4xx_HAL_Driver/Inc/Legacy -I../Drivers/CMSIS/Device/ST/STM32F4xx/Include -I../Drivers/CMSIS/Include -ID:\Git\Stratos\Software\Utilities\Components\ili9341 -ID:\Git\Stratos\Software\Utilities\Fonts -ID:\Git\Stratos\Software\Utilities\Log -ID:\Git\Stratos\Software\Utilities\STM32F429I-Discovery -ID:\Git\Stratos\Software\Utilities\jpegDecoder -ID:\Git\Stratos\Software\Utilities\images -ID:\Git\Stratos\Software\Middlewares\ST\STM32_USB_Host_Library\Class\CDC\Inc -I../Middlewares/ST/STM32_USB_Host_Library/Core/Inc -I../Middlewares/ST/STM32_USB_Host_Library/Class/CDC/Inc -O3 -ffunction-sections -fdata-sections -g -fstack-usage -Wall -o Src\fm_radio.o ..\Src\fm_radio.c 
..\Src\fm_radio.c: In function 'detectModeS':
..\Src\fm_radio.c:375:28: warning: implicit declaration of function 'abs' [-Wimplicit-function-declaration]
                   delta += abs(magnitude[j+i+MODES_PREAMBLE_US*2]-
                            ^
..\Src\fm_radio.c:294:13: warning: unused variable 'good_message' [-Wunused-variable]
         int good_message = 0;
             ^
..\Src\fm_radio.c:290:9: warning: variable 'use_correction' set but not used [-Wunused-but-set-variable]
     int use_correction = 0;
         ^
..\Src\fm_radio.c:288:14: warning: unused variable 'aux' [-Wunused-variable]
     uint16_t aux[MODES_LONG_MSG_BITS*2];
              ^
arm-atollic-eabi-gcc -o Software.elf Drivers\STM32F4xx_HAL_Driver\Src\stm32f4xx_hal.o Drivers\STM32F4xx_HAL_Driver\Src\stm32f4xx_hal_cortex.o Drivers\STM32F4xx_HAL_Driver\Src\stm32f4xx_hal_dma.o Drivers\STM32F4xx_HAL_Driver\Src\stm32f4xx_hal_dma_ex.o Drivers\STM32F4xx_HAL_Driver\Src\stm32f4xx_hal_flash.o Drivers\STM32F4xx_HAL_Driver\Src\stm32f4xx_hal_flash_ex.o Drivers\STM32F4xx_HAL_Driver\Src\stm32f4xx_hal_flash_ramfunc.o Drivers\STM32F4xx_HAL_Driver\Src\stm32f4xx_hal_gpio.o Drivers\STM32F4xx_HAL_Driver\Src\stm32f4xx_hal_hcd.o Drivers\STM32F4xx_HAL_Driver\Src\stm32f4xx_hal_pwr.o Drivers\STM32F4xx_HAL_Driver\Src\stm32f4xx_hal_pwr_ex.o Drivers\STM32F4xx_HAL_Driver\Src\stm32f4xx_hal_rcc.o Drivers\STM32F4xx_HAL_Driver\Src\stm32f4xx_hal_rcc_ex.o Drivers\STM32F4xx_HAL_Driver\Src\stm32f4xx_hal_tim.o Drivers\STM32F4xx_HAL_Driver\Src\stm32f4xx_hal_tim_ex.o Drivers\STM32F4xx_HAL_Driver\Src\stm32f4xx_ll_usb.o Middlewares\ST\STM32_USB_Host_Library\Class\CDC\Src\usbh_cdc.o Middlewares\ST\STM32_USB_Host_Library\Core\Src\usbh_core.o Middlewares\ST\STM32_USB_Host_Library\Core\Src\usbh_ctlreq.o Middlewares\ST\STM32_USB_Host_Library\Core\Src\usbh_ioreq.o Middlewares\ST\STM32_USB_Host_Library\Core\Src\usbh_pipes.o Src\fm_radio.o Src\gpio.o Src\main.o Src\stm32f4xx_hal_msp.o Src\stm32f4xx_it.o Src\system_stm32f4xx.o Src\usb_host.o Src\usbh_conf.o Utilities\Components\cs43l22\cs43l22.o Utilities\Components\exc7200\exc7200.o Utilities\Components\ft6x06\ft6x06.o Utilities\Components\ili9325\ili9325.o Utilities\Components\ili9341\ili9341.o Utilities\Components\l3gd20\l3gd20.o Utilities\Components\lis302dl\lis302dl.o Utilities\Components\lis3dsh\lis3dsh.o Utilities\Components\ls016b8uy\ls016b8uy.o Utilities\Components\lsm303dlhc\lsm303dlhc.o Utilities\Components\mfxstm32l152\mfxstm32l152.o Utilities\Components\otm8009a\otm8009a.o Utilities\Components\ov2640\ov2640.o Utilities\Components\s5k5cag\s5k5cag.o Utilities\Components\st7735\st7735.o Utilities\Components\st7789h2\st7789h2.o Utilities\Components\stmpe1600\stmpe1600.o Utilities\Components\stmpe811\stmpe811.o Utilities\Components\ts3510\ts3510.o Utilities\Components\wm8994\wm8994.o Utilities\jpegDecoder\jpegDecoder.o Utilities\jpegDecoder\picojpeg.o librtlsdr\convenience\convenience.o librtlsdr\librtlsdr.o librtlsdr\tuner_e4k.o librtlsdr\tuner_fc0012.o librtlsdr\tuner_fc0013.o librtlsdr\tuner_fc2580.o librtlsdr\tuner_r82xx.o startup\startup_stm32f429xx.o usb\libusb_port.o -mthumb -mcpu=cortex-m4 -mfloat-abi=hard -mfpu=fpv4-sp-d16 -T../STM32F429ZI_FLASH.ld -Wl,--start-group -lc -lm -Wl,--end-group -specs=nano.specs -specs=nosys.specs -static -Wl,-Map=Software.map -Wl,--gc-sections -Wl,--defsym=malloc_getpagesize_P=0x80 
D:\TrueSTUDIO for ARM 7.1.0\ide\jre\bin\java -jar D:\TrueSTUDIO for ARM 7.1.0\Tools\arm-atollic-reports.jar sizeinfo list D:\Git\Stratos\Software\Debug\Software.elf 
Generate build reports...
Print size information
   text	   data	    bss	    dec	    hex	filename
  55768	    536	  97316	 153620	  25814	D:\Git\Stratos\Software\Debug\Software.elf
Print size information done
Generate listing file
Output sent to: D:\Git\Stratos\Software\Debug\Software.list
Generate listing file done
Generate build reports done

22:57:23 Build Finished (took 999ms)

